BL51 BANKED LINKER/LOCATER V6.05                                                        12/01/2018  20:26:51  PAGE 1


BL51 BANKED LINKER/LOCATER V6.05, INVOKED BY:
E:\PROGRAM FILES (X86)\KEIL\C51\BIN\BL51.EXE STARTUP.obj, MPSG_V1.0.obj TO MPSG_V1.0 RAMSIZE (256)


MEMORY MODEL: SMALL


INPUT MODULES INCLUDED:
  STARTUP.obj (?C_STARTUP)
  MPSG_V1.0.obj (MPSG_V1_0)
  E:\PROGRAM FILES (X86)\KEIL\C51\LIB\C51S.LIB (?C?CLDPTR)


LINK MAP OF MODULE:  MPSG_V1.0 (?C_STARTUP)


            TYPE    BASE      LENGTH    RELOCATION   SEGMENT NAME
            -----------------------------------------------------

            * * * * * * *   D A T A   M E M O R Y   * * * * * * *
            REG     0000H     0008H     ABSOLUTE     "REG BANK 0"
            DATA    0008H     0002H     UNIT         _DATA_GROUP_
                    000AH     0016H                  *** GAP ***
            BIT     0020H.0   0000H.1   UNIT         _BIT_GROUP_
                    0020H.1   0000H.7                *** GAP ***
            IDATA   0021H     0001H     UNIT         ?STACK

            * * * * * * *   C O D E   M E M O R Y   * * * * * * *
            CODE    0000H     0003H     ABSOLUTE     
            CODE    0003H     0019H     UNIT         ?C?LIB_CODE
            CODE    001CH     0005H     UNIT         ?PR?MAIN?MPSG_V1_0
                    0021H     0002H                  *** GAP ***
            CODE    0023H     0003H     ABSOLUTE     
            CODE    0026H     0059H     UNIT         ?PR?UART_SER?MPSG_V1_0
            CODE    007FH     002AH     UNIT         ?PR?_DA_CONVERT?MPSG_V1_0
            CODE    00A9H     0018H     UNIT         ?PR?_WRITE_A_B?MPSG_V1_0
            CODE    00C1H     0013H     UNIT         ?PR?INITUART?MPSG_V1_0
            CODE    00D4H     0013H     UNIT         ?PR?_SENDSTR?MPSG_V1_0
            CODE    00E7H     000CH     UNIT         ?C_C51STARTUP
            CODE    00F3H     0008H     UNIT         ?PR?_SENDBYTE?MPSG_V1_0



OVERLAY MAP OF MODULE:   MPSG_V1.0 (?C_STARTUP)


SEGMENT                              BIT_GROUP          DATA_GROUP 
  +--> CALLED SEGMENT             START    LENGTH     START    LENGTH
---------------------------------------------------------------------
?C_C51STARTUP                     -----    -----      -----    -----
  +--> ?PR?MAIN?MPSG_V1_0

?PR?MAIN?MPSG_V1_0                -----    -----      -----    -----
  +--> ?PR?INITUART?MPSG_V1_0

*** NEW ROOT ***************************************************

?PR?UART_SER?MPSG_V1_0            -----    -----      0008H    0002H
BL51 BANKED LINKER/LOCATER V6.05                                                      12/01/2018  20:26:51  PAGE 2


  +--> ?PR?_WRITE_A_B?MPSG_V1_0
  +--> ?PR?_SENDBYTE?MPSG_V1_0

?PR?_WRITE_A_B?MPSG_V1_0          0020H.0  0000H.1    -----    -----
  +--> ?PR?_DA_CONVERT?MPSG_V1_0



SYMBOL TABLE OF MODULE:  MPSG_V1.0 (?C_STARTUP)

  VALUE           TYPE          NAME
  ----------------------------------

  -------         MODULE        ?C_STARTUP
  C:00E7H         SEGMENT       ?C_C51STARTUP
  I:0021H         SEGMENT       ?STACK
  C:0000H         PUBLIC        ?C_STARTUP
  D:00E0H         SYMBOL        ACC
  D:00F0H         SYMBOL        B
  D:0083H         SYMBOL        DPH
  D:0082H         SYMBOL        DPL
  N:0000H         SYMBOL        IBPSTACK
  N:0100H         SYMBOL        IBPSTACKTOP
  N:0080H         SYMBOL        IDATALEN
  C:00EAH         SYMBOL        IDATALOOP
  N:0000H         SYMBOL        PBPSTACK
  N:0100H         SYMBOL        PBPSTACKTOP
  N:0000H         SYMBOL        PDATALEN
  N:0000H         SYMBOL        PDATASTART
  N:0000H         SYMBOL        PPAGE
  N:0000H         SYMBOL        PPAGEENABLE
  D:00A0H         SYMBOL        PPAGE_SFR
  D:0081H         SYMBOL        SP
  C:00E7H         SYMBOL        STARTUP1
  N:0000H         SYMBOL        XBPSTACK
  N:0000H         SYMBOL        XBPSTACKTOP
  N:0000H         SYMBOL        XDATALEN
  N:0000H         SYMBOL        XDATASTART
  C:0000H         LINE#         126
  C:00E7H         LINE#         133
  C:00E9H         LINE#         134
  C:00EAH         LINE#         135
  C:00EBH         LINE#         136
  C:00EDH         LINE#         185
  C:00F0H         LINE#         196
  -------         ENDMOD        ?C_STARTUP

  -------         MODULE        MPSG_V1_0
  C:0000H         SYMBOL        _ICE_DUMMY_
  D:0090H         PUBLIC        P1
  D:00B0H         PUBLIC        P3
  B:00A8H.7       PUBLIC        EA
  C:0026H         PUBLIC        UART_SER
  D:00A8H         PUBLIC        IE
  B:0090H.2       PUBLIC        CS
  B:00A8H.4       PUBLIC        ES
  D:00B8H         PUBLIC        IP
BL51 BANKED LINKER/LOCATER V6.05                                                      12/01/2018  20:26:51  PAGE 3


  B:0098H.0       PUBLIC        RI
  B:0098H.1       PUBLIC        TI
  C:00F3H         PUBLIC        _SendByte
  C:001CH         PUBLIC        main
  B:0090H.1       PUBLIC        SCLK
  D:0099H         PUBLIC        SBUF
  D:0098H         PUBLIC        SCON
  D:0089H         PUBLIC        TMOD
  D:0088H         PUBLIC        TCON
  C:00D4H         PUBLIC        _SendStr
  D:008DH         PUBLIC        TH1
  C:00A9H         PUBLIC        _Write_A_B
  D:008BH         PUBLIC        TL1
  C:00C1H         PUBLIC        InitUART
  B:0088H.6       PUBLIC        TR1
  B:0090H.0       PUBLIC        DIN
  D:00C8H         PUBLIC        T2CON
  C:007FH         SYMBOL        _DA_convert
  D:00D0H         PUBLIC        PSW
  -------         PROC          INITUART
  C:00C1H         LINE#         28
  C:00C1H         LINE#         29
  C:00C1H         LINE#         30
  C:00C4H         LINE#         31
  C:00C7H         LINE#         32
  C:00CDH         LINE#         33
  C:00CFH         LINE#         34
  C:00D1H         LINE#         35
  C:00D3H         LINE#         36
  -------         ENDPROC       INITUART
  -------         PROC          _SENDBYTE
  D:0007H         SYMBOL        dat
  C:00F3H         LINE#         38
  C:00F3H         LINE#         39
  C:00F3H         LINE#         40
  C:00F5H         LINE#         41
  C:00F8H         LINE#         42
  C:00FAH         LINE#         43
  -------         ENDPROC       _SENDBYTE
  -------         PROC          _SENDSTR
  D:0001H         SYMBOL        s
  C:00D4H         LINE#         45
  C:00D4H         LINE#         46
  C:00D4H         LINE#         47
  C:00DAH         LINE#         48
  C:00DAH         LINE#         49
  C:00DDH         LINE#         50
  C:00E4H         LINE#         51
  C:00E6H         LINE#         52
  -------         ENDPROC       _SENDSTR
  -------         PROC          UART_SER
  -------         DO            
  D:0008H         SYMBOL        dat
  D:0007H         SYMBOL        ah
  D:0005H         SYMBOL        al
  -------         ENDDO         
  C:0026H         LINE#         54
BL51 BANKED LINKER/LOCATER V6.05                                                      12/01/2018  20:26:51  PAGE 4


  C:0043H         LINE#         58
  C:0046H         LINE#         59
  C:0048H         LINE#         60
  C:004AH         LINE#         61
  C:004DH         LINE#         62
  C:004FH         LINE#         63
  C:0051H         LINE#         64
  C:0057H         LINE#         65
  C:005FH         LINE#         66
  C:0064H         LINE#         67
  -------         ENDPROC       UART_SER
  -------         PROC          _DA_CONVERT
  D:0006H         SYMBOL        Dignum
  -------         DO            
  D:0004H         SYMBOL        Dig
  D:0003H         SYMBOL        i
  -------         ENDDO         
  C:007FH         LINE#         68
  C:007FH         LINE#         69
  C:007FH         LINE#         70
  C:0080H         LINE#         71
  C:0081H         LINE#         72
  C:0083H         LINE#         73
  C:0085H         LINE#         74
  C:0085H         LINE#         75
  C:0085H         LINE#         76
  C:008BH         LINE#         77
  C:008DH         LINE#         78
  C:008DH         LINE#         79
  C:008FH         LINE#         80
  C:0091H         LINE#         82
  C:0091H         LINE#         83
  C:0093H         LINE#         84
  C:0093H         LINE#         85
  C:0095H         LINE#         86
  C:0096H         LINE#         87
  C:009DH         LINE#         88
  C:009FH         LINE#         89
  C:00A0H         LINE#         90
  C:00A4H         LINE#         91
  C:00A6H         LINE#         92
  C:00A8H         LINE#         93
  -------         ENDPROC       _DA_CONVERT
  -------         PROC          _WRITE_A_B
  D:0006H         SYMBOL        Data
  B:0020H.0       SYMBOL        Model
  -------         DO            
  D:0082H         SYMBOL        Temp
  -------         ENDDO         
  C:00A9H         LINE#         94
  C:00A9H         LINE#         95
  C:00A9H         LINE#         97
  C:00ACH         LINE#         98
  C:00ACH         LINE#         99
  C:00AFH         LINE#         100
  C:00B1H         LINE#         102
  C:00B1H         LINE#         103
BL51 BANKED LINKER/LOCATER V6.05                                                      12/01/2018  20:26:51  PAGE 5


  C:00B6H         LINE#         104
  C:00B6H         LINE#         106
  -------         ENDPROC       _WRITE_A_B
  -------         PROC          MAIN
  C:001CH         LINE#         108
  C:001CH         LINE#         109
  C:001CH         LINE#         110
  C:001FH         LINE#         111
  -------         ENDPROC       MAIN
  -------         ENDMOD        MPSG_V1_0

  -------         MODULE        ?C?CLDPTR
  C:0003H         PUBLIC        ?C?CLDPTR
  -------         ENDMOD        ?C?CLDPTR

*** WARNING L16: UNCALLED SEGMENT, IGNORED FOR OVERLAY PROCESS
    SEGMENT: ?PR?_SENDSTR?MPSG_V1_0

Program Size: data=11.1 xdata=0 code=249
LINK/LOCATE RUN COMPLETE.  1 WARNING(S),  0 ERROR(S)
