BL51 BANKED LINKER/LOCATER V6.05                                                        11/30/2018  13:53:10  PAGE 1


BL51 BANKED LINKER/LOCATER V6.05, INVOKED BY:
E:\PROGRAM FILES (X86)\KEIL\C51\BIN\BL51.EXE STARTUP.obj, MPSG_V1.0.obj TO MPSG_V1.0 RAMSIZE (256)


MEMORY MODEL: SMALL


INPUT MODULES INCLUDED:
  STARTUP.obj (?C_STARTUP)
  MPSG_V1.0.obj (MPSG_V1_0)
  E:\PROGRAM FILES (X86)\KEIL\C51\LIB\C51S.LIB (?C?CLDPTR)


LINK MAP OF MODULE:  MPSG_V1.0 (?C_STARTUP)


            TYPE    BASE      LENGTH    RELOCATION   SEGMENT NAME
            -----------------------------------------------------

            * * * * * * *   D A T A   M E M O R Y   * * * * * * *
            REG     0000H     0008H     ABSOLUTE     "REG BANK 0"
            DATA    0008H     0001H     UNIT         _DATA_GROUP_
                    0009H     0017H                  *** GAP ***
            BIT     0020H.0   0000H.1   UNIT         _BIT_GROUP_
                    0020H.1   0000H.7                *** GAP ***
            IDATA   0021H     0001H     UNIT         ?STACK

            * * * * * * *   C O D E   M E M O R Y   * * * * * * *
            CODE    0000H     0003H     ABSOLUTE     
            CODE    0003H     0019H     UNIT         ?C?LIB_CODE
            CODE    001CH     0005H     UNIT         ?PR?MAIN?MPSG_V1_0
                    0021H     0002H                  *** GAP ***
            CODE    0023H     0003H     ABSOLUTE     
            CODE    0026H     004EH     UNIT         ?PR?UART_SER?MPSG_V1_0
            CODE    0074H     002AH     UNIT         ?PR?_DA_CONVERT?MPSG_V1_0
            CODE    009EH     0018H     UNIT         ?PR?_WRITE_A_B?MPSG_V1_0
            CODE    00B6H     0013H     UNIT         ?PR?INITUART?MPSG_V1_0
            CODE    00C9H     0013H     UNIT         ?PR?_SENDSTR?MPSG_V1_0
            CODE    00DCH     000CH     UNIT         ?C_C51STARTUP
            CODE    00E8H     0008H     UNIT         ?PR?_SENDBYTE?MPSG_V1_0



OVERLAY MAP OF MODULE:   MPSG_V1.0 (?C_STARTUP)


SEGMENT                              BIT_GROUP          DATA_GROUP 
  +--> CALLED SEGMENT             START    LENGTH     START    LENGTH
---------------------------------------------------------------------
?C_C51STARTUP                     -----    -----      -----    -----
  +--> ?PR?MAIN?MPSG_V1_0

?PR?MAIN?MPSG_V1_0                -----    -----      -----    -----
  +--> ?PR?INITUART?MPSG_V1_0

*** NEW ROOT ***************************************************

?PR?UART_SER?MPSG_V1_0            -----    -----      0008H    0001H
BL51 BANKED LINKER/LOCATER V6.05                                                      11/30/2018  13:53:10  PAGE 2


  +--> ?PR?_WRITE_A_B?MPSG_V1_0
  +--> ?PR?_SENDBYTE?MPSG_V1_0

?PR?_WRITE_A_B?MPSG_V1_0          0020H.0  0000H.1    -----    -----
  +--> ?PR?_DA_CONVERT?MPSG_V1_0



SYMBOL TABLE OF MODULE:  MPSG_V1.0 (?C_STARTUP)

  VALUE           TYPE          NAME
  ----------------------------------

  -------         MODULE        ?C_STARTUP
  C:00DCH         SEGMENT       ?C_C51STARTUP
  I:0021H         SEGMENT       ?STACK
  C:0000H         PUBLIC        ?C_STARTUP
  D:00E0H         SYMBOL        ACC
  D:00F0H         SYMBOL        B
  D:0083H         SYMBOL        DPH
  D:0082H         SYMBOL        DPL
  N:0000H         SYMBOL        IBPSTACK
  N:0100H         SYMBOL        IBPSTACKTOP
  N:0080H         SYMBOL        IDATALEN
  C:00DFH         SYMBOL        IDATALOOP
  N:0000H         SYMBOL        PBPSTACK
  N:0100H         SYMBOL        PBPSTACKTOP
  N:0000H         SYMBOL        PDATALEN
  N:0000H         SYMBOL        PDATASTART
  N:0000H         SYMBOL        PPAGE
  N:0000H         SYMBOL        PPAGEENABLE
  D:00A0H         SYMBOL        PPAGE_SFR
  D:0081H         SYMBOL        SP
  C:00DCH         SYMBOL        STARTUP1
  N:0000H         SYMBOL        XBPSTACK
  N:0000H         SYMBOL        XBPSTACKTOP
  N:0000H         SYMBOL        XDATALEN
  N:0000H         SYMBOL        XDATASTART
  C:0000H         LINE#         126
  C:00DCH         LINE#         133
  C:00DEH         LINE#         134
  C:00DFH         LINE#         135
  C:00E0H         LINE#         136
  C:00E2H         LINE#         185
  C:00E5H         LINE#         196
  -------         ENDMOD        ?C_STARTUP

  -------         MODULE        MPSG_V1_0
  C:0000H         SYMBOL        _ICE_DUMMY_
  D:0090H         PUBLIC        P1
  D:00B0H         PUBLIC        P3
  B:00A8H.7       PUBLIC        EA
  C:0026H         PUBLIC        UART_SER
  D:00A8H         PUBLIC        IE
  B:0090H.2       PUBLIC        CS
  B:00A8H.4       PUBLIC        ES
  D:00B8H         PUBLIC        IP
BL51 BANKED LINKER/LOCATER V6.05                                                      11/30/2018  13:53:10  PAGE 3


  B:0098H.0       PUBLIC        RI
  B:0098H.1       PUBLIC        TI
  C:00E8H         PUBLIC        _SendByte
  C:001CH         PUBLIC        main
  B:0090H.1       PUBLIC        SCLK
  D:0099H         PUBLIC        SBUF
  D:0098H         PUBLIC        SCON
  D:0089H         PUBLIC        TMOD
  D:0088H         PUBLIC        TCON
  C:00C9H         PUBLIC        _SendStr
  D:008DH         PUBLIC        TH1
  C:009EH         PUBLIC        _Write_A_B
  D:008BH         PUBLIC        TL1
  C:00B6H         PUBLIC        InitUART
  B:0088H.6       PUBLIC        TR1
  B:0090H.0       PUBLIC        DIN
  D:00C8H         PUBLIC        T2CON
  C:0074H         SYMBOL        _DA_convert
  D:00D0H         PUBLIC        PSW
  -------         PROC          INITUART
  C:00B6H         LINE#         28
  C:00B6H         LINE#         29
  C:00B6H         LINE#         30
  C:00B9H         LINE#         31
  C:00BCH         LINE#         32
  C:00C2H         LINE#         33
  C:00C4H         LINE#         34
  C:00C6H         LINE#         35
  C:00C8H         LINE#         36
  -------         ENDPROC       INITUART
  -------         PROC          _SENDBYTE
  D:0007H         SYMBOL        dat
  C:00E8H         LINE#         38
  C:00E8H         LINE#         39
  C:00E8H         LINE#         40
  C:00EAH         LINE#         41
  C:00EDH         LINE#         42
  C:00EFH         LINE#         43
  -------         ENDPROC       _SENDBYTE
  -------         PROC          _SENDSTR
  D:0001H         SYMBOL        s
  C:00C9H         LINE#         45
  C:00C9H         LINE#         46
  C:00C9H         LINE#         47
  C:00CFH         LINE#         48
  C:00CFH         LINE#         49
  C:00D2H         LINE#         50
  C:00D9H         LINE#         51
  C:00DBH         LINE#         52
  -------         ENDPROC       _SENDSTR
  -------         PROC          UART_SER
  -------         DO            
  D:0008H         SYMBOL        Temp
  -------         ENDDO         
  C:0026H         LINE#         54
  C:0043H         LINE#         57
  C:0046H         LINE#         58
BL51 BANKED LINKER/LOCATER V6.05                                                      11/30/2018  13:53:10  PAGE 4


  C:0046H         LINE#         59
  C:0048H         LINE#         60
  C:004BH         LINE#         61
  C:0054H         LINE#         62
  C:0059H         LINE#         63
  C:0059H         LINE#         64
  -------         ENDPROC       UART_SER
  -------         PROC          _DA_CONVERT
  D:0006H         SYMBOL        Dignum
  -------         DO            
  D:0004H         SYMBOL        Dig
  D:0003H         SYMBOL        i
  -------         ENDDO         
  C:0074H         LINE#         65
  C:0074H         LINE#         66
  C:0074H         LINE#         67
  C:0075H         LINE#         68
  C:0076H         LINE#         69
  C:0078H         LINE#         70
  C:007AH         LINE#         71
  C:007AH         LINE#         72
  C:007AH         LINE#         73
  C:0080H         LINE#         74
  C:0082H         LINE#         75
  C:0082H         LINE#         76
  C:0084H         LINE#         77
  C:0086H         LINE#         79
  C:0086H         LINE#         80
  C:0088H         LINE#         81
  C:0088H         LINE#         82
  C:008AH         LINE#         83
  C:008BH         LINE#         84
  C:0092H         LINE#         85
  C:0094H         LINE#         86
  C:0095H         LINE#         87
  C:0099H         LINE#         88
  C:009BH         LINE#         89
  C:009DH         LINE#         90
  -------         ENDPROC       _DA_CONVERT
  -------         PROC          _WRITE_A_B
  D:0006H         SYMBOL        Data
  B:0020H.0       SYMBOL        Model
  -------         DO            
  D:0082H         SYMBOL        Temp
  -------         ENDDO         
  C:009EH         LINE#         91
  C:009EH         LINE#         92
  C:009EH         LINE#         94
  C:00A1H         LINE#         95
  C:00A1H         LINE#         96
  C:00A4H         LINE#         97
  C:00A6H         LINE#         99
  C:00A6H         LINE#         100
  C:00ABH         LINE#         101
  C:00ABH         LINE#         103
  -------         ENDPROC       _WRITE_A_B
  -------         PROC          MAIN
BL51 BANKED LINKER/LOCATER V6.05                                                      11/30/2018  13:53:10  PAGE 5


  C:001CH         LINE#         105
  C:001CH         LINE#         106
  C:001CH         LINE#         107
  C:001FH         LINE#         108
  -------         ENDPROC       MAIN
  -------         ENDMOD        MPSG_V1_0

  -------         MODULE        ?C?CLDPTR
  C:0003H         PUBLIC        ?C?CLDPTR
  -------         ENDMOD        ?C?CLDPTR

*** WARNING L16: UNCALLED SEGMENT, IGNORED FOR OVERLAY PROCESS
    SEGMENT: ?PR?_SENDSTR?MPSG_V1_0

Program Size: data=10.1 xdata=0 code=238
LINK/LOCATE RUN COMPLETE.  1 WARNING(S),  0 ERROR(S)
