C51 COMPILER V8.08   MPSG_V1_0                                                             12/01/2018 20:32:39 PAGE 1   


C51 COMPILER V8.08, COMPILATION OF MODULE MPSG_V1_0
OBJECT MODULE PLACED IN MPSG_V1.0.OBJ
COMPILER INVOKED BY: E:\Program Files (x86)\Keil\C51\BIN\C51.EXE MPSG_V1.0.c BROWSE DEBUG OBJECTEXTEND

line level    source

   1          //=====================================================================
   2          //                    一种基于智能手机的多功能生理信号发生器程序
   3          //               SIVI_Multifunction-Physiological-Signal-Generator
   4          //                                MPSG_V1.0
   5          //硬件连接:  TLV5618:DIN ——P1^0;  
   6          //                  SCLK ——P1^1;    
   7          //                  CS  ——P1^2;      
   8          //                  VDD --逻辑电源(+5V)
   9          //                  AGND --GND(0V)
  10          //          HC-05:  VDD --逻辑电源(+5V)
  11          //                  AGND --GND(0V)
  12          
  13          //注意: 所需输入的数字信号值为16位数,其中D15~~D12为特殊位设置,D11~~D0为数据位00
             -0~~fff
  14          
  15          /***********************************************************************************/
  16          #include<reg52.h>                                                       //包含51单片机寄存器定义的头文件
  17          #include<intrins.h>     
  18          #define uint unsigned int
  19          #define uchar unsigned char
  20          static void DA_convert(uint Dignum);
  21          extern void Write_A_B(uint Data,bit Model);
  22          void InitUART  (void);
  23          void SendByte(unsigned char dat);
  24          void SendStr(unsigned char *s);
  25          sbit DIN   = P1^0;     //数据输入端
  26          sbit SCLK = P1^1;     //时钟信号
  27          sbit CS    = P1^2;     //片选输入端，低电平有效
  28          void InitUART  (void)
  29          {
  30   1          SCON  =0x50;       // SCON: 模式 1, 8-bit UART, 使能接收 
  31   1          TMOD |= 0x20;      // TMOD:timer 1, mode 1, 8-bit 重装
  32   1          TH1 =TL1= 0xFD;   // TH1:  重装值9600 波特率 晶振 11.0592MHz  
  33   1          TR1   =1;               // TR1: timer 1 打开                     
  34   1          EA   = 1;              //打开总中断
  35   1          ES   = 1;              //打开串口中断
  36   1      }   
  37          //******************* 发送一个字节 *******************
  38          void SendByte(unsigned char dat)
  39          {
  40   1         SBUF = dat;
  41   1         while(!TI);
  42   1         TI = 0;  
  43   1      }
  44          //**************** 发送一个字符串 *******************
  45          void SendStr(unsigned char *s)
  46          {
  47   1          while(*s!='\0')   // \0表示字符串结束标志，通过检测是否字符串末尾
  48   1          {
  49   2             SendByte(*s);
  50   2             s++;
  51   2          }
  52   1      }
  53          //****************** 串口中断程序 *******************
  54          void UART_SER (void) interrupt 4 
C51 COMPILER V8.08   MPSG_V1_0                                                             12/01/2018 20:32:39 PAGE 2   

  55          {
  56   1         unsigned char* dat;
  57   1         unsigned char ah,al;       
  58   1         while(!RI);                           //判断是接收中断产生
  59   1            RI=0;
  60   1         al=SBUF;
  61   1         while(!RI);
  62   1            RI=0;
  63   1         ah=SBUF;
  64   1         dat=(ah<<8)|al;
*** ERROR C214 IN LINE 64 OF MPSG_V1.0.C: illegal pointer conversion
  65   1          Write_A_B(dat,1);           
  66   1          SendStr(dat);  //把接收到的值再发回电脑端
  67   1      }
  68          void DA_convert(uint Dignum)
  69          {
  70   1      uint Dig=0;
  71   1      uchar i=0;
  72   1      SCLK=1;
  73   1      CS=0;           //片选有效
  74   1      for(i=0;i<16;i++)   //写入16Bit的控制位和数据
  75   1      {
  76   2         Dig=Dignum&0x8000;
  77   2         if(Dig)
  78   2         {
  79   3          DIN=1;
  80   3         }
  81   2         else
  82   2         {
  83   3          DIN=0;
  84   3         }
  85   2         SCLK=0;
  86   2         _nop_();
  87   2         Dignum<<=1;
  88   2         SCLK=1;
  89   2         _nop_();
  90   2      }
  91   1      SCLK=1;
  92   1      CS=1;       //片选无效
  93   1      }
  94          void Write_A_B(uint Data,bit Model)
  95          {
  96   1      uint Temp;
  97   1      if(Model)
  98   1      {
  99   2         Temp=0x4000;
 100   2      }
 101   1      else
 102   1          {
 103   2         Temp=0x0000;
 104   2      }
 105   1      
 106   1         DA_convert(Temp|Data);       
 107   1      }
 108          int main(void)
 109          {
 110   1              InitUART();
 111   1          while(1);
 112   1         
 113   1      }

C51 COMPILATION COMPLETE.  0 WARNING(S),  1 ERROR(S)
