BL51 BANKED LINKER/LOCATER V6.05                                                        01/11/2019  18:21:37  PAGE 1


BL51 BANKED LINKER/LOCATER V6.05, INVOKED BY:
E:\PROGRAM FILES (X86)\KEIL\C51\BIN\BL51.EXE STARTUP.obj, TLV5618+HC05_test1.obj TO HC05+TLV5618_TEST RAMSIZE (256)


MEMORY MODEL: SMALL


INPUT MODULES INCLUDED:
  STARTUP.obj (?C_STARTUP)
  TLV5618+HC05_test1.obj (TLV5618_HC05_TEST1)
  E:\PROGRAM FILES (X86)\KEIL\C51\LIB\C51S.LIB (?C?CLDPTR)


LINK MAP OF MODULE:  HC05+TLV5618_TEST (?C_STARTUP)


            TYPE    BASE      LENGTH    RELOCATION   SEGMENT NAME
            -----------------------------------------------------

            * * * * * * *   D A T A   M E M O R Y   * * * * * * *
            REG     0000H     0008H     ABSOLUTE     "REG BANK 0"
            DATA    0008H     0005H     UNIT         _DATA_GROUP_
                    000DH     0013H                  *** GAP ***
            BIT     0020H.0   0000H.1   UNIT         _BIT_GROUP_
                    0020H.1   0000H.7                *** GAP ***
            IDATA   0021H     0001H     UNIT         ?STACK

            * * * * * * *   C O D E   M E M O R Y   * * * * * * *
            CODE    0000H     0003H     ABSOLUTE     
            CODE    0003H     0019H     UNIT         ?C?LIB_CODE
            CODE    001CH     0005H     UNIT         ?PR?MAIN?TLV5618_HC05_TEST1
                    0021H     0002H                  *** GAP ***
            CODE    0023H     0003H     ABSOLUTE     
            CODE    0026H     0059H     UNIT         ?PR?_WRITE_A_B?TLV5618_HC05_TEST1
            CODE    007FH     0053H     UNIT         ?PR?UART_SER?TLV5618_HC05_TEST1
            CODE    00D2H     002AH     UNIT         ?PR?_DA_CONVER?TLV5618_HC05_TEST1
            CODE    00FCH     0013H     UNIT         ?PR?INITUART?TLV5618_HC05_TEST1
            CODE    010FH     0013H     UNIT         ?PR?_SENDSTR?TLV5618_HC05_TEST1
            CODE    0122H     000CH     UNIT         ?C_C51STARTUP
            CODE    012EH     0008H     UNIT         ?PR?_SENDBYTE?TLV5618_HC05_TEST1



OVERLAY MAP OF MODULE:   HC05+TLV5618_TEST (?C_STARTUP)


SEGMENT                                      BIT_GROUP          DATA_GROUP 
  +--> CALLED SEGMENT                     START    LENGTH     START    LENGTH
-----------------------------------------------------------------------------
?C_C51STARTUP                             -----    -----      -----    -----
  +--> ?PR?MAIN?TLV5618_HC05_TEST1

?PR?MAIN?TLV5618_HC05_TEST1               -----    -----      -----    -----
  +--> ?PR?INITUART?TLV5618_HC05_TEST1

*** NEW ROOT ***************************************************

?PR?UART_SER?TLV5618_HC05_TEST1           -----    -----      0008H    0001H
BL51 BANKED LINKER/LOCATER V6.05                                                      01/11/2019  18:21:37  PAGE 2


  +--> ?PR?_WRITE_A_B?TLV5618_HC05_TEST1
  +--> ?PR?_SENDBYTE?TLV5618_HC05_TEST1

?PR?_WRITE_A_B?TLV5618_HC05_TEST1         0020H.0  0000H.1    0009H    0004H
  +--> ?PR?_DA_CONVER?TLV5618_HC05_TEST1



SYMBOL TABLE OF MODULE:  HC05+TLV5618_TEST (?C_STARTUP)

  VALUE           TYPE          NAME
  ----------------------------------

  -------         MODULE        ?C_STARTUP
  C:0122H         SEGMENT       ?C_C51STARTUP
  I:0021H         SEGMENT       ?STACK
  C:0000H         PUBLIC        ?C_STARTUP
  D:00E0H         SYMBOL        ACC
  D:00F0H         SYMBOL        B
  D:0083H         SYMBOL        DPH
  D:0082H         SYMBOL        DPL
  N:0000H         SYMBOL        IBPSTACK
  N:0100H         SYMBOL        IBPSTACKTOP
  N:0080H         SYMBOL        IDATALEN
  C:0125H         SYMBOL        IDATALOOP
  N:0000H         SYMBOL        PBPSTACK
  N:0100H         SYMBOL        PBPSTACKTOP
  N:0000H         SYMBOL        PDATALEN
  N:0000H         SYMBOL        PDATASTART
  N:0000H         SYMBOL        PPAGE
  N:0000H         SYMBOL        PPAGEENABLE
  D:00A0H         SYMBOL        PPAGE_SFR
  D:0081H         SYMBOL        SP
  C:0122H         SYMBOL        STARTUP1
  N:0000H         SYMBOL        XBPSTACK
  N:0000H         SYMBOL        XBPSTACKTOP
  N:0000H         SYMBOL        XDATALEN
  N:0000H         SYMBOL        XDATASTART
  C:0000H         LINE#         126
  C:0122H         LINE#         133
  C:0124H         LINE#         134
  C:0125H         LINE#         135
  C:0126H         LINE#         136
  C:0128H         LINE#         185
  C:012BH         LINE#         196
  -------         ENDMOD        ?C_STARTUP

  -------         MODULE        TLV5618_HC05_TEST1
  C:0000H         SYMBOL        _ICE_DUMMY_
  D:0090H         PUBLIC        P1
  D:00B0H         PUBLIC        P3
  B:00A8H.7       PUBLIC        EA
  C:007FH         PUBLIC        UART_SER
  D:00A8H         PUBLIC        IE
  B:0090H.2       PUBLIC        CS
  B:00A8H.4       PUBLIC        ES
  D:00B8H         PUBLIC        IP
BL51 BANKED LINKER/LOCATER V6.05                                                      01/11/2019  18:21:37  PAGE 3


  B:0098H.0       PUBLIC        RI
  B:0098H.1       PUBLIC        TI
  C:012EH         PUBLIC        _SendByte
  C:001CH         PUBLIC        main
  B:0090H.1       PUBLIC        SCLK
  D:0099H         PUBLIC        SBUF
  D:0098H         PUBLIC        SCON
  D:0089H         PUBLIC        TMOD
  D:0088H         PUBLIC        TCON
  C:010FH         PUBLIC        _SendStr
  D:008DH         PUBLIC        TH1
  C:0026H         PUBLIC        _Write_A_B
  D:008BH         PUBLIC        TL1
  C:00FCH         PUBLIC        InitUART
  B:0088H.6       PUBLIC        TR1
  B:0090H.0       PUBLIC        DIN
  D:00C8H         PUBLIC        T2CON
  C:00D2H         SYMBOL        _DA_conver
  D:00D0H         PUBLIC        PSW
  -------         PROC          INITUART
  C:00FCH         LINE#         32
  C:00FCH         LINE#         33
  C:00FCH         LINE#         34
  C:00FFH         LINE#         35
  C:0102H         LINE#         36
  C:0108H         LINE#         37
  C:010AH         LINE#         38
  C:010CH         LINE#         39
  C:010EH         LINE#         40
  -------         ENDPROC       INITUART
  -------         PROC          _SENDBYTE
  D:0007H         SYMBOL        dat
  C:012EH         LINE#         42
  C:012EH         LINE#         43
  C:012EH         LINE#         44
  C:0130H         LINE#         45
  C:0133H         LINE#         46
  C:0135H         LINE#         47
  -------         ENDPROC       _SENDBYTE
  -------         PROC          _SENDSTR
  D:0001H         SYMBOL        s
  C:010FH         LINE#         49
  C:010FH         LINE#         50
  C:010FH         LINE#         51
  C:0115H         LINE#         52
  C:0115H         LINE#         53
  C:0118H         LINE#         54
  C:011FH         LINE#         55
  C:0121H         LINE#         56
  -------         ENDPROC       _SENDSTR
  -------         PROC          UART_SER
  -------         DO            
  D:0008H         SYMBOL        Temp
  -------         ENDDO         
  C:007FH         LINE#         58
  C:009CH         LINE#         61
  C:009FH         LINE#         62
BL51 BANKED LINKER/LOCATER V6.05                                                      01/11/2019  18:21:37  PAGE 4


  C:009FH         LINE#         63
  C:00A1H         LINE#         64
  C:00A4H         LINE#         65
  C:00B2H         LINE#         66
  C:00B7H         LINE#         67
  C:00B7H         LINE#         68
  -------         ENDPROC       UART_SER
  -------         PROC          _DA_CONVER
  D:0006H         SYMBOL        Dignum
  -------         DO            
  D:0004H         SYMBOL        Dig
  D:0003H         SYMBOL        i
  -------         ENDDO         
  C:00D2H         LINE#         76
  C:00D2H         LINE#         77
  C:00D2H         LINE#         78
  C:00D3H         LINE#         79
  C:00D4H         LINE#         80
  C:00D6H         LINE#         81
  C:00D8H         LINE#         82
  C:00D8H         LINE#         83
  C:00D8H         LINE#         84
  C:00DEH         LINE#         85
  C:00E0H         LINE#         86
  C:00E0H         LINE#         87
  C:00E2H         LINE#         88
  C:00E4H         LINE#         90
  C:00E4H         LINE#         91
  C:00E6H         LINE#         92
  C:00E6H         LINE#         93
  C:00E8H         LINE#         94
  C:00E9H         LINE#         95
  C:00F0H         LINE#         96
  C:00F2H         LINE#         97
  C:00F3H         LINE#         98
  C:00F7H         LINE#         99
  C:00F9H         LINE#         100
  C:00FBH         LINE#         101
  -------         ENDPROC       _DA_CONVER
  -------         PROC          _WRITE_A_B
  D:0009H         SYMBOL        Data_A
  D:000BH         SYMBOL        Data_B
  D:0003H         SYMBOL        Channal
  B:0020H.0       SYMBOL        Model
  -------         DO            
  D:0082H         SYMBOL        Temp
  -------         ENDDO         
  C:0026H         LINE#         113
  C:002EH         LINE#         114
  C:002EH         LINE#         116
  C:0031H         LINE#         117
  C:0031H         LINE#         118
  C:0034H         LINE#         119
  C:0036H         LINE#         121
  C:0036H         LINE#         122
  C:003BH         LINE#         123
  C:003BH         LINE#         124
BL51 BANKED LINKER/LOCATER V6.05                                                      01/11/2019  18:21:37  PAGE 5


  C:0047H         LINE#         125
  C:0047H         LINE#         126
  C:0047H         LINE#         127
  C:0047H         LINE#         128
  C:0049H         LINE#         129
  C:0049H         LINE#         130
  C:0054H         LINE#         131
  C:0056H         LINE#         132
  C:0056H         LINE#         133
  C:006AH         LINE#         134
  C:007EH         LINE#         135
  C:007EH         LINE#         136
  C:007EH         LINE#         137
  C:007EH         LINE#         138
  C:007EH         LINE#         139
  -------         ENDPROC       _WRITE_A_B
  -------         PROC          MAIN
  C:001CH         LINE#         141
  C:001CH         LINE#         142
  C:001CH         LINE#         143
  C:001FH         LINE#         144
  -------         ENDPROC       MAIN
  -------         ENDMOD        TLV5618_HC05_TEST1

  -------         MODULE        ?C?CLDPTR
  C:0003H         PUBLIC        ?C?CLDPTR
  -------         ENDMOD        ?C?CLDPTR

*** WARNING L16: UNCALLED SEGMENT, IGNORED FOR OVERLAY PROCESS
    SEGMENT: ?PR?_SENDSTR?TLV5618_HC05_TEST1

Program Size: data=14.1 xdata=0 code=308
LINK/LOCATE RUN COMPLETE.  1 WARNING(S),  0 ERROR(S)
