BL51 BANKED LINKER/LOCATER V6.05                                                        10/27/2018  14:51:41  PAGE 1


BL51 BANKED LINKER/LOCATER V6.05, INVOKED BY:
E:\PROGRAM FILES (X86)\KEIL\C51\BIN\BL51.EXE STARTUP.obj, TLV5618+HC05_test2.obj TO TEST2 RAMSIZE (256)


MEMORY MODEL: SMALL


INPUT MODULES INCLUDED:
  STARTUP.obj (?C_STARTUP)
  TLV5618+HC05_test2.obj (TLV5618_HC05_TEST2)
  E:\PROGRAM FILES (X86)\KEIL\C51\LIB\C51S.LIB (?C_INIT)
  E:\PROGRAM FILES (X86)\KEIL\C51\LIB\C51S.LIB (?C?CLDPTR)


LINK MAP OF MODULE:  TEST2 (?C_STARTUP)


            TYPE    BASE      LENGTH    RELOCATION   SEGMENT NAME
            -----------------------------------------------------

            * * * * * * *   D A T A   M E M O R Y   * * * * * * *
            REG     0000H     0008H     ABSOLUTE     "REG BANK 0"
            DATA    0008H     0005H     UNIT         _DATA_GROUP_
            DATA    000DH     0004H     UNIT         ?DT?TLV5618_HC05_TEST2
                    0011H     000FH                  *** GAP ***
            BIT     0020H.0   0000H.1   UNIT         _BIT_GROUP_
                    0020H.1   0000H.7                *** GAP ***
            IDATA   0021H     0001H     UNIT         ?STACK

            * * * * * * *   C O D E   M E M O R Y   * * * * * * *
            CODE    0000H     0003H     ABSOLUTE     
            CODE    0003H     0019H     UNIT         ?C?LIB_CODE
            CODE    001CH     0005H     UNIT         ?PR?MAIN?TLV5618_HC05_TEST2
                    0021H     0002H                  *** GAP ***
            CODE    0023H     0003H     ABSOLUTE     
            CODE    0026H     008CH     UNIT         ?C_C51STARTUP
            CODE    00B2H     006FH     UNIT         ?PR?UART_SER?TLV5618_HC05_TEST2
            CODE    0121H     0059H     UNIT         ?PR?_WRITE_A_B?TLV5618_HC05_TEST2
            CODE    017AH     002AH     UNIT         ?PR?_DA_CONVER?TLV5618_HC05_TEST2
            CODE    01A4H     0013H     UNIT         ?PR?INITUART?TLV5618_HC05_TEST2
            CODE    01B7H     0013H     UNIT         ?PR?_SENDSTR?TLV5618_HC05_TEST2
            CODE    01CAH     0009H     UNIT         ?C_INITSEG
            CODE    01D3H     0008H     UNIT         ?PR?_SENDBYTE?TLV5618_HC05_TEST2



OVERLAY MAP OF MODULE:   TEST2 (?C_STARTUP)


SEGMENT                                      BIT_GROUP          DATA_GROUP 
  +--> CALLED SEGMENT                     START    LENGTH     START    LENGTH
-----------------------------------------------------------------------------
?C_C51STARTUP                             -----    -----      -----    -----
  +--> ?PR?MAIN?TLV5618_HC05_TEST2
  +--> ?C_INITSEG

?PR?MAIN?TLV5618_HC05_TEST2               -----    -----      -----    -----
  +--> ?PR?INITUART?TLV5618_HC05_TEST2
BL51 BANKED LINKER/LOCATER V6.05                                                      10/27/2018  14:51:41  PAGE 2



*** NEW ROOT ***************************************************

?PR?UART_SER?TLV5618_HC05_TEST2           -----    -----      0008H    0001H
  +--> ?PR?_WRITE_A_B?TLV5618_HC05_TEST2
  +--> ?PR?_SENDBYTE?TLV5618_HC05_TEST2

?PR?_WRITE_A_B?TLV5618_HC05_TEST2         0020H.0  0000H.1    0009H    0004H
  +--> ?PR?_DA_CONVER?TLV5618_HC05_TEST2



SYMBOL TABLE OF MODULE:  TEST2 (?C_STARTUP)

  VALUE           TYPE          NAME
  ----------------------------------

  -------         MODULE        ?C_STARTUP
  C:0026H         SEGMENT       ?C_C51STARTUP
  I:0021H         SEGMENT       ?STACK
  C:0000H         PUBLIC        ?C_STARTUP
  D:00E0H         SYMBOL        ACC
  D:00F0H         SYMBOL        B
  D:0083H         SYMBOL        DPH
  D:0082H         SYMBOL        DPL
  N:0000H         SYMBOL        IBPSTACK
  N:0100H         SYMBOL        IBPSTACKTOP
  N:0080H         SYMBOL        IDATALEN
  C:0029H         SYMBOL        IDATALOOP
  N:0000H         SYMBOL        PBPSTACK
  N:0100H         SYMBOL        PBPSTACKTOP
  N:0000H         SYMBOL        PDATALEN
  N:0000H         SYMBOL        PDATASTART
  N:0000H         SYMBOL        PPAGE
  N:0000H         SYMBOL        PPAGEENABLE
  D:00A0H         SYMBOL        PPAGE_SFR
  D:0081H         SYMBOL        SP
  C:0026H         SYMBOL        STARTUP1
  N:0000H         SYMBOL        XBPSTACK
  N:0000H         SYMBOL        XBPSTACKTOP
  N:0000H         SYMBOL        XDATALEN
  N:0000H         SYMBOL        XDATASTART
  C:0000H         LINE#         126
  C:0026H         LINE#         133
  C:0028H         LINE#         134
  C:0029H         LINE#         135
  C:002AH         LINE#         136
  C:002CH         LINE#         185
  C:002FH         LINE#         196
  -------         ENDMOD        ?C_STARTUP

  -------         MODULE        TLV5618_HC05_TEST2
  C:0000H         SYMBOL        _ICE_DUMMY_
  D:0090H         PUBLIC        P1
  D:00B0H         PUBLIC        P3
  B:00A8H.7       PUBLIC        EA
  D:000DH         PUBLIC        AABB
BL51 BANKED LINKER/LOCATER V6.05                                                      10/27/2018  14:51:41  PAGE 3


  C:00B2H         PUBLIC        UART_SER
  D:00A8H         PUBLIC        IE
  B:0090H.2       PUBLIC        CS
  B:00A8H.4       PUBLIC        ES
  D:00B8H         PUBLIC        IP
  B:0098H.0       PUBLIC        RI
  B:0098H.1       PUBLIC        TI
  C:01D3H         PUBLIC        _SendByte
  C:001CH         PUBLIC        main
  B:0090H.1       PUBLIC        SCLK
  D:0099H         PUBLIC        SBUF
  D:0098H         PUBLIC        SCON
  D:0089H         PUBLIC        TMOD
  D:0088H         PUBLIC        TCON
  D:000FH         PUBLIC        iii
  C:01B7H         PUBLIC        _SendStr
  D:008DH         PUBLIC        TH1
  C:0121H         PUBLIC        _Write_A_B
  D:008BH         PUBLIC        TL1
  C:01A4H         PUBLIC        InitUART
  B:0088H.6       PUBLIC        TR1
  B:0090H.0       PUBLIC        DIN
  D:00C8H         PUBLIC        T2CON
  C:017AH         SYMBOL        _DA_conver
  D:00D0H         PUBLIC        PSW
  -------         PROC          INITUART
  C:01A4H         LINE#         34
  C:01A4H         LINE#         35
  C:01A4H         LINE#         36
  C:01A7H         LINE#         37
  C:01AAH         LINE#         38
  C:01B0H         LINE#         39
  C:01B2H         LINE#         40
  C:01B4H         LINE#         41
  C:01B6H         LINE#         42
  -------         ENDPROC       INITUART
  -------         PROC          _SENDBYTE
  D:0007H         SYMBOL        dat
  C:01D3H         LINE#         44
  C:01D3H         LINE#         45
  C:01D3H         LINE#         46
  C:01D5H         LINE#         47
  C:01D8H         LINE#         48
  C:01DAH         LINE#         49
  -------         ENDPROC       _SENDBYTE
  -------         PROC          _SENDSTR
  D:0001H         SYMBOL        s
  C:01B7H         LINE#         51
  C:01B7H         LINE#         52
  C:01B7H         LINE#         53
  C:01BDH         LINE#         54
  C:01BDH         LINE#         55
  C:01C0H         LINE#         56
  C:01C7H         LINE#         57
  C:01C9H         LINE#         58
  -------         ENDPROC       _SENDSTR
  -------         PROC          UART_SER
BL51 BANKED LINKER/LOCATER V6.05                                                      10/27/2018  14:51:41  PAGE 4


  -------         DO            
  D:0008H         SYMBOL        Temp
  -------         ENDDO         
  C:00B2H         LINE#         60
  C:00CFH         LINE#         64
  C:00D2H         LINE#         65
  C:00D2H         LINE#         66
  C:00D4H         LINE#         68
  C:00D7H         LINE#         69
  C:00DEH         LINE#         70
  C:00E4H         LINE#         71
  C:00E9H         LINE#         72
  C:00E9H         LINE#         73
  C:00EFH         LINE#         74
  C:00F2H         LINE#         75
  C:00F2H         LINE#         78
  C:0101H         LINE#         79
  C:0106H         LINE#         81
  C:0106H         LINE#         82
  -------         ENDPROC       UART_SER
  -------         PROC          _DA_CONVER
  D:0006H         SYMBOL        Dignum
  -------         DO            
  D:0004H         SYMBOL        Dig
  D:0003H         SYMBOL        i
  -------         ENDDO         
  C:017AH         LINE#         90
  C:017AH         LINE#         91
  C:017AH         LINE#         92
  C:017BH         LINE#         93
  C:017CH         LINE#         94
  C:017EH         LINE#         95
  C:0180H         LINE#         96
  C:0180H         LINE#         97
  C:0180H         LINE#         98
  C:0186H         LINE#         99
  C:0188H         LINE#         100
  C:0188H         LINE#         101
  C:018AH         LINE#         102
  C:018CH         LINE#         104
  C:018CH         LINE#         105
  C:018EH         LINE#         106
  C:018EH         LINE#         107
  C:0190H         LINE#         108
  C:0191H         LINE#         109
  C:0198H         LINE#         110
  C:019AH         LINE#         111
  C:019BH         LINE#         112
  C:019FH         LINE#         113
  C:01A1H         LINE#         114
  C:01A3H         LINE#         115
  -------         ENDPROC       _DA_CONVER
  -------         PROC          _WRITE_A_B
  D:0009H         SYMBOL        Data_A
  D:000BH         SYMBOL        Data_B
  D:0003H         SYMBOL        Channal
  B:0020H.0       SYMBOL        Model
BL51 BANKED LINKER/LOCATER V6.05                                                      10/27/2018  14:51:41  PAGE 5


  -------         DO            
  D:0082H         SYMBOL        Temp
  -------         ENDDO         
  C:0121H         LINE#         127
  C:0129H         LINE#         128
  C:0129H         LINE#         130
  C:012CH         LINE#         131
  C:012CH         LINE#         132
  C:012FH         LINE#         133
  C:0131H         LINE#         135
  C:0131H         LINE#         136
  C:0136H         LINE#         137
  C:0136H         LINE#         138
  C:0142H         LINE#         139
  C:0142H         LINE#         140
  C:0142H         LINE#         141
  C:0142H         LINE#         142
  C:0144H         LINE#         143
  C:0144H         LINE#         144
  C:014FH         LINE#         145
  C:0151H         LINE#         146
  C:0151H         LINE#         147
  C:0165H         LINE#         148
  C:0179H         LINE#         149
  C:0179H         LINE#         150
  C:0179H         LINE#         151
  C:0179H         LINE#         152
  C:0179H         LINE#         153
  -------         ENDPROC       _WRITE_A_B
  -------         PROC          MAIN
  C:001CH         LINE#         155
  C:001CH         LINE#         156
  C:001CH         LINE#         157
  C:001FH         LINE#         158
  -------         ENDPROC       MAIN
  -------         ENDMOD        TLV5618_HC05_TEST2

  -------         MODULE        ?C?CLDPTR
  C:0003H         PUBLIC        ?C?CLDPTR
  -------         ENDMOD        ?C?CLDPTR

*** WARNING L16: UNCALLED SEGMENT, IGNORED FOR OVERLAY PROCESS
    SEGMENT: ?PR?_SENDSTR?TLV5618_HC05_TEST2

Program Size: data=18.1 xdata=0 code=473
LINK/LOCATE RUN COMPLETE.  1 WARNING(S),  0 ERROR(S)
